Copyright 1986-2018 Xilinx, Inc. All Rights Reserved.
-----------------------------------------------------------------------------------------------------------------------------------------------------------------------------------------------------
| Tool Version : Vivado v.2018.3 (win64) Build 2405991 Thu Dec  6 23:38:27 MST 2018
| Date         : Sun Sep 20 18:26:31 2026
| Host         : NIKA running 64-bit major release  (build 9200)
| Command      : report_timing_summary -max_paths 10 -file pulser_rtz_timing_summary_routed.rpt -pb pulser_rtz_timing_summary_routed.pb -rpx pulser_rtz_timing_summary_routed.rpx -warn_on_violation
| Design       : pulser_rtz
| Device       : 7s25-csga324
| Speed File   : -1  PRODUCTION 1.23 2018-06-13
-----------------------------------------------------------------------------------------------------------------------------------------------------------------------------------------------------

Timing Summary Report

------------------------------------------------------------------------------------------------
| Timer Settings
| --------------
------------------------------------------------------------------------------------------------

  Enable Multi Corner Analysis               :  Yes
  Enable Pessimism Removal                   :  Yes
  Pessimism Removal Resolution               :  Nearest Common Node
  Enable Input Delay Default Clock           :  No
  Enable Preset / Clear Arcs                 :  No
  Disable Flight Delays                      :  No
  Ignore I/O Paths                           :  No
  Timing Early Launch at Borrowing Latches   :  false

  Corner  Analyze    Analyze    
  Name    Max Paths  Min Paths  
  ------  ---------  ---------  
  Slow    Yes        Yes        
  Fast    Yes        Yes        



check_timing report

Table of Contents
-----------------
1. checking no_clock
2. checking constant_clock
3. checking pulse_width_clock
4. checking unconstrained_internal_endpoints
5. checking no_input_delay
6. checking no_output_delay
7. checking multiple_clock
8. checking generated_clocks
9. checking loops
10. checking partial_input_delay
11. checking partial_output_delay
12. checking latch_loops

1. checking no_clock
--------------------
 There are 0 register/latch pins with no clock.


2. checking constant_clock
--------------------------
 There are 0 register/latch pins with constant_clock.


3. checking pulse_width_clock
-----------------------------
 There are 0 register/latch pins which need pulse_width check


4. checking unconstrained_internal_endpoints
--------------------------------------------
 There are 0 pins that are not constrained for maximum delay.

 There are 0 pins that are not constrained for maximum delay due to constant clock.


5. checking no_input_delay
--------------------------
 There are 12 input ports with no input delay specified. (HIGH)

 There are 0 input ports with no input delay but user has a false path constraint.


6. checking no_output_delay
---------------------------
 There are 11 ports with no output delay specified. (HIGH)

 There are 0 ports with no output delay but user has a false path constraint

 There are 0 ports with no output delay but with a timing clock defined on it or propagating through it


7. checking multiple_clock
--------------------------
 There are 0 register/latch pins with multiple clocks.


8. checking generated_clocks
----------------------------
 There are 0 generated clocks that are not connected to a clock source.


9. checking loops
-----------------
 There are 0 combinational loops in the design.


10. checking partial_input_delay
--------------------------------
 There are 0 input ports with partial input delay specified.


11. checking partial_output_delay
---------------------------------
 There are 0 ports with partial output delay specified.


12. checking latch_loops
------------------------
 There are 0 combinational latch loops in the design through latch input



------------------------------------------------------------------------------------------------
| Design Timing Summary
| ---------------------
------------------------------------------------------------------------------------------------

    WNS(ns)      TNS(ns)  TNS Failing Endpoints  TNS Total Endpoints      WHS(ns)      THS(ns)  THS Failing Endpoints  THS Total Endpoints     WPWS(ns)     TPWS(ns)  TPWS Failing Endpoints  TPWS Total Endpoints  
    -------      -------  ---------------------  -------------------      -------      -------  ---------------------  -------------------     --------     --------  ----------------------  --------------------  
      4.311        0.000                      0                  463        0.104        0.000                      0                  463        4.500        0.000                       0                   185  


All user specified timing constraints are met.


------------------------------------------------------------------------------------------------
| Clock Summary
| -------------
------------------------------------------------------------------------------------------------

Clock        Waveform(ns)       Period(ns)      Frequency(MHz)
-----        ------------       ----------      --------------
sys_clk_pin  {0.000 5.000}      10.000          100.000         


------------------------------------------------------------------------------------------------
| Intra Clock Table
| -----------------
------------------------------------------------------------------------------------------------

Clock             WNS(ns)      TNS(ns)  TNS Failing Endpoints  TNS Total Endpoints      WHS(ns)      THS(ns)  THS Failing Endpoints  THS Total Endpoints     WPWS(ns)     TPWS(ns)  TPWS Failing Endpoints  TPWS Total Endpoints  
-----             -------      -------  ---------------------  -------------------      -------      -------  ---------------------  -------------------     --------     --------  ----------------------  --------------------  
sys_clk_pin         4.311        0.000                      0                  463        0.104        0.000                      0                  463        4.500        0.000                       0                   185  


------------------------------------------------------------------------------------------------
| Inter Clock Table
| -----------------
------------------------------------------------------------------------------------------------

From Clock    To Clock          WNS(ns)      TNS(ns)  TNS Failing Endpoints  TNS Total Endpoints      WHS(ns)      THS(ns)  THS Failing Endpoints  THS Total Endpoints  
----------    --------          -------      -------  ---------------------  -------------------      -------      -------  ---------------------  -------------------  


------------------------------------------------------------------------------------------------
| Other Path Groups Table
| -----------------------
------------------------------------------------------------------------------------------------

Path Group    From Clock    To Clock          WNS(ns)      TNS(ns)  TNS Failing Endpoints  TNS Total Endpoints      WHS(ns)      THS(ns)  THS Failing Endpoints  THS Total Endpoints  
----------    ----------    --------          -------      -------  ---------------------  -------------------      -------      -------  ---------------------  -------------------  


------------------------------------------------------------------------------------------------
| Timing Details
| --------------
------------------------------------------------------------------------------------------------


---------------------------------------------------------------------------------------------------
From Clock:  sys_clk_pin
  To Clock:  sys_clk_pin

Setup :            0  Failing Endpoints,  Worst Slack        4.311ns,  Total Violation        0.000ns
Hold  :            0  Failing Endpoints,  Worst Slack        0.104ns,  Total Violation        0.000ns
PW    :            0  Failing Endpoints,  Worst Slack        4.500ns,  Total Violation        0.000ns
---------------------------------------------------------------------------------------------------


Max Delay Paths
--------------------------------------------------------------------------------------
Slack (MET) :             4.311ns  (required time - arrival time)
  Source:                 ram_idx_reg[2]/C
                            (rising edge-triggered cell FDRE clocked by sys_clk_pin  {rise@0.000ns fall@5.000ns period=10.000ns})
  Destination:            ram_idx_reg[3]/R
                            (rising edge-triggered cell FDRE clocked by sys_clk_pin  {rise@0.000ns fall@5.000ns period=10.000ns})
  Path Group:             sys_clk_pin
  Path Type:              Setup (Max at Slow Process Corner)
  Requirement:            10.000ns  (sys_clk_pin rise@10.000ns - sys_clk_pin rise@0.000ns)
  Data Path Delay:        5.104ns  (logic 1.623ns (31.797%)  route 3.481ns (68.203%))
  Logic Levels:           4  (LUT5=3 LUT6=1)
  Clock Path Skew:        -0.025ns (DCD - SCD + CPR)
    Destination Clock Delay (DCD):    4.232ns = ( 14.232 - 10.000 ) 
    Source Clock Delay      (SCD):    4.499ns
    Clock Pessimism Removal (CPR):    0.242ns
  Clock Uncertainty:      0.035ns  ((TSJ^2 + TIJ^2)^1/2 + DJ) / 2 + PE
    Total System Jitter     (TSJ):    0.071ns
    Total Input Jitter      (TIJ):    0.000ns
    Discrete Jitter          (DJ):    0.000ns
    Phase Error              (PE):    0.000ns

    Location             Delay type                Incr(ns)  Path(ns)    Netlist Resource(s)
  -------------------------------------------------------------------    -------------------
                         (clock sys_clk_pin rise edge)
                                                      0.000     0.000 r  
    R2                                                0.000     0.000 r  CLK100MHZ (IN)
                         net (fo=0)                   0.000     0.000    CLK100MHZ
    R2                   IBUF (Prop_ibuf_I_O)         0.880     0.880 r  CLK100MHZ_IBUF_inst/O
                         net (fo=1, routed)           1.962     2.841    CLK100MHZ_IBUF
    BUFGCTRL_X0Y0        BUFG (Prop_bufg_I_O)         0.096     2.937 r  CLK100MHZ_IBUF_BUFG_inst/O
                         net (fo=184, routed)         1.561     4.499    CLK100MHZ_IBUF_BUFG
    SLICE_X8Y46          FDRE                                         r  ram_idx_reg[2]/C
  -------------------------------------------------------------------    -------------------
    SLICE_X8Y46          FDRE (Prop_fdre_C_Q)         0.478     4.977 f  ram_idx_reg[2]/Q
                         net (fo=7, routed)           0.691     5.668    ram_idx[2]
    SLICE_X9Y45          LUT6 (Prop_lut6_I1_O)        0.295     5.963 r  ram_idx[9]_i_7/O
                         net (fo=5, routed)           0.683     6.646    ram_idx[9]_i_7_n_0
    SLICE_X8Y45          LUT5 (Prop_lut5_I3_O)        0.150     6.796 f  FSM_onehot_logger_state[3]_i_2/O
                         net (fo=5, routed)           1.038     7.833    FSM_onehot_logger_state[3]_i_2_n_0
    SLICE_X5Y45          LUT5 (Prop_lut5_I4_O)        0.374     8.207 r  ram_idx[9]_i_5/O
                         net (fo=2, routed)           0.307     8.514    ram_idx[9]_i_5_n_0
    SLICE_X5Y46          LUT5 (Prop_lut5_I1_O)        0.326     8.840 r  ram_idx[9]_i_1/O
                         net (fo=4, routed)           0.763     9.603    ram_idx[9]_i_1_n_0
    SLICE_X8Y45          FDRE                                         r  ram_idx_reg[3]/R
  -------------------------------------------------------------------    -------------------

                         (clock sys_clk_pin rise edge)
                                                     10.000    10.000 r  
    R2                                                0.000    10.000 r  CLK100MHZ (IN)
                         net (fo=0)                   0.000    10.000    CLK100MHZ
    R2                   IBUF (Prop_ibuf_I_O)         0.839    10.839 r  CLK100MHZ_IBUF_inst/O
                         net (fo=1, routed)           1.859    12.698    CLK100MHZ_IBUF
    BUFGCTRL_X0Y0        BUFG (Prop_bufg_I_O)         0.091    12.789 r  CLK100MHZ_IBUF_BUFG_inst/O
                         net (fo=184, routed)         1.442    14.232    CLK100MHZ_IBUF_BUFG
    SLICE_X8Y45          FDRE                                         r  ram_idx_reg[3]/C
                         clock pessimism              0.242    14.474    
                         clock uncertainty           -0.035    14.438    
    SLICE_X8Y45          FDRE (Setup_fdre_C_R)       -0.524    13.914    ram_idx_reg[3]
  -------------------------------------------------------------------
                         required time                         13.914    
                         arrival time                          -9.603    
  -------------------------------------------------------------------
                         slack                                  4.311    

Slack (MET) :             4.311ns  (required time - arrival time)
  Source:                 ram_idx_reg[2]/C
                            (rising edge-triggered cell FDRE clocked by sys_clk_pin  {rise@0.000ns fall@5.000ns period=10.000ns})
  Destination:            ram_idx_reg[4]/R
                            (rising edge-triggered cell FDRE clocked by sys_clk_pin  {rise@0.000ns fall@5.000ns period=10.000ns})
  Path Group:             sys_clk_pin
  Path Type:              Setup (Max at Slow Process Corner)
  Requirement:            10.000ns  (sys_clk_pin rise@10.000ns - sys_clk_pin rise@0.000ns)
  Data Path Delay:        5.104ns  (logic 1.623ns (31.797%)  route 3.481ns (68.203%))
  Logic Levels:           4  (LUT5=3 LUT6=1)
  Clock Path Skew:        -0.025ns (DCD - SCD + CPR)
    Destination Clock Delay (DCD):    4.232ns = ( 14.232 - 10.000 ) 
    Source Clock Delay      (SCD):    4.499ns
    Clock Pessimism Removal (CPR):    0.242ns
  Clock Uncertainty:      0.035ns  ((TSJ^2 + TIJ^2)^1/2 + DJ) / 2 + PE
    Total System Jitter     (TSJ):    0.071ns
    Total Input Jitter      (TIJ):    0.000ns
    Discrete Jitter          (DJ):    0.000ns
    Phase Error              (PE):    0.000ns

    Location             Delay type                Incr(ns)  Path(ns)    Netlist Resource(s)
  -------------------------------------------------------------------    -------------------
                         (clock sys_clk_pin rise edge)
                                                      0.000     0.000 r  
    R2                                                0.000     0.000 r  CLK100MHZ (IN)
                         net (fo=0)                   0.000     0.000    CLK100MHZ
    R2                   IBUF (Prop_ibuf_I_O)         0.880     0.880 r  CLK100MHZ_IBUF_inst/O
                         net (fo=1, routed)           1.962     2.841    CLK100MHZ_IBUF
    BUFGCTRL_X0Y0        BUFG (Prop_bufg_I_O)         0.096     2.937 r  CLK100MHZ_IBUF_BUFG_inst/O
                         net (fo=184, routed)         1.561     4.499    CLK100MHZ_IBUF_BUFG
    SLICE_X8Y46          FDRE                                         r  ram_idx_reg[2]/C
  -------------------------------------------------------------------    -------------------
    SLICE_X8Y46          FDRE (Prop_fdre_C_Q)         0.478     4.977 f  ram_idx_reg[2]/Q
                         net (fo=7, routed)           0.691     5.668    ram_idx[2]
    SLICE_X9Y45          LUT6 (Prop_lut6_I1_O)        0.295     5.963 r  ram_idx[9]_i_7/O
                         net (fo=5, routed)           0.683     6.646    ram_idx[9]_i_7_n_0
    SLICE_X8Y45          LUT5 (Prop_lut5_I3_O)        0.150     6.796 f  FSM_onehot_logger_state[3]_i_2/O
                         net (fo=5, routed)           1.038     7.833    FSM_onehot_logger_state[3]_i_2_n_0
    SLICE_X5Y45          LUT5 (Prop_lut5_I4_O)        0.374     8.207 r  ram_idx[9]_i_5/O
                         net (fo=2, routed)           0.307     8.514    ram_idx[9]_i_5_n_0
    SLICE_X5Y46          LUT5 (Prop_lut5_I1_O)        0.326     8.840 r  ram_idx[9]_i_1/O
                         net (fo=4, routed)           0.763     9.603    ram_idx[9]_i_1_n_0
    SLICE_X8Y45          FDRE                                         r  ram_idx_reg[4]/R
  -------------------------------------------------------------------    -------------------

                         (clock sys_clk_pin rise edge)
                                                     10.000    10.000 r  
    R2                                                0.000    10.000 r  CLK100MHZ (IN)
                         net (fo=0)                   0.000    10.000    CLK100MHZ
    R2                   IBUF (Prop_ibuf_I_O)         0.839    10.839 r  CLK100MHZ_IBUF_inst/O
                         net (fo=1, routed)           1.859    12.698    CLK100MHZ_IBUF
    BUFGCTRL_X0Y0        BUFG (Prop_bufg_I_O)         0.091    12.789 r  CLK100MHZ_IBUF_BUFG_inst/O
                         net (fo=184, routed)         1.442    14.232    CLK100MHZ_IBUF_BUFG
    SLICE_X8Y45          FDRE                                         r  ram_idx_reg[4]/C
                         clock pessimism              0.242    14.474    
                         clock uncertainty           -0.035    14.438    
    SLICE_X8Y45          FDRE (Setup_fdre_C_R)       -0.524    13.914    ram_idx_reg[4]
  -------------------------------------------------------------------
                         required time                         13.914    
                         arrival time                          -9.603    
  -------------------------------------------------------------------
                         slack                                  4.311    

Slack (MET) :             4.311ns  (required time - arrival time)
  Source:                 ram_idx_reg[2]/C
                            (rising edge-triggered cell FDRE clocked by sys_clk_pin  {rise@0.000ns fall@5.000ns period=10.000ns})
  Destination:            ram_idx_reg[8]/R
                            (rising edge-triggered cell FDRE clocked by sys_clk_pin  {rise@0.000ns fall@5.000ns period=10.000ns})
  Path Group:             sys_clk_pin
  Path Type:              Setup (Max at Slow Process Corner)
  Requirement:            10.000ns  (sys_clk_pin rise@10.000ns - sys_clk_pin rise@0.000ns)
  Data Path Delay:        5.104ns  (logic 1.623ns (31.797%)  route 3.481ns (68.203%))
  Logic Levels:           4  (LUT5=3 LUT6=1)
  Clock Path Skew:        -0.025ns (DCD - SCD + CPR)
    Destination Clock Delay (DCD):    4.232ns = ( 14.232 - 10.000 ) 
    Source Clock Delay      (SCD):    4.499ns
    Clock Pessimism Removal (CPR):    0.242ns
  Clock Uncertainty:      0.035ns  ((TSJ^2 + TIJ^2)^1/2 + DJ) / 2 + PE
    Total System Jitter     (TSJ):    0.071ns
    Total Input Jitter      (TIJ):    0.000ns
    Discrete Jitter          (DJ):    0.000ns
    Phase Error              (PE):    0.000ns

    Location             Delay type                Incr(ns)  Path(ns)    Netlist Resource(s)
  -------------------------------------------------------------------    -------------------
                         (clock sys_clk_pin rise edge)
                                                      0.000     0.000 r  
    R2                                                0.000     0.000 r  CLK100MHZ (IN)
                         net (fo=0)                   0.000     0.000    CLK100MHZ
    R2                   IBUF (Prop_ibuf_I_O)         0.880     0.880 r  CLK100MHZ_IBUF_inst/O
                         net (fo=1, routed)           1.962     2.841    CLK100MHZ_IBUF
    BUFGCTRL_X0Y0        BUFG (Prop_bufg_I_O)         0.096     2.937 r  CLK100MHZ_IBUF_BUFG_inst/O
                         net (fo=184, routed)         1.561     4.499    CLK100MHZ_IBUF_BUFG
    SLICE_X8Y46          FDRE                                         r  ram_idx_reg[2]/C
  -------------------------------------------------------------------    -------------------
    SLICE_X8Y46          FDRE (Prop_fdre_C_Q)         0.478     4.977 f  ram_idx_reg[2]/Q
                         net (fo=7, routed)           0.691     5.668    ram_idx[2]
    SLICE_X9Y45          LUT6 (Prop_lut6_I1_O)        0.295     5.963 r  ram_idx[9]_i_7/O
                         net (fo=5, routed)           0.683     6.646    ram_idx[9]_i_7_n_0
    SLICE_X8Y45          LUT5 (Prop_lut5_I3_O)        0.150     6.796 f  FSM_onehot_logger_state[3]_i_2/O
                         net (fo=5, routed)           1.038     7.833    FSM_onehot_logger_state[3]_i_2_n_0
    SLICE_X5Y45          LUT5 (Prop_lut5_I4_O)        0.374     8.207 r  ram_idx[9]_i_5/O
                         net (fo=2, routed)           0.307     8.514    ram_idx[9]_i_5_n_0
    SLICE_X5Y46          LUT5 (Prop_lut5_I1_O)        0.326     8.840 r  ram_idx[9]_i_1/O
                         net (fo=4, routed)           0.763     9.603    ram_idx[9]_i_1_n_0
    SLICE_X8Y45          FDRE                                         r  ram_idx_reg[8]/R
  -------------------------------------------------------------------    -------------------

                         (clock sys_clk_pin rise edge)
                                                     10.000    10.000 r  
    R2                                                0.000    10.000 r  CLK100MHZ (IN)
                         net (fo=0)                   0.000    10.000    CLK100MHZ
    R2                   IBUF (Prop_ibuf_I_O)         0.839    10.839 r  CLK100MHZ_IBUF_inst/O
                         net (fo=1, routed)           1.859    12.698    CLK100MHZ_IBUF
    BUFGCTRL_X0Y0        BUFG (Prop_bufg_I_O)         0.091    12.789 r  CLK100MHZ_IBUF_BUFG_inst/O
                         net (fo=184, routed)         1.442    14.232    CLK100MHZ_IBUF_BUFG
    SLICE_X8Y45          FDRE                                         r  ram_idx_reg[8]/C
                         clock pessimism              0.242    14.474    
                         clock uncertainty           -0.035    14.438    
    SLICE_X8Y45          FDRE (Setup_fdre_C_R)       -0.524    13.914    ram_idx_reg[8]
  -------------------------------------------------------------------
                         required time                         13.914    
                         arrival time                          -9.603    
  -------------------------------------------------------------------
                         slack                                  4.311    

Slack (MET) :             4.311ns  (required time - arrival time)
  Source:                 ram_idx_reg[2]/C
                            (rising edge-triggered cell FDRE clocked by sys_clk_pin  {rise@0.000ns fall@5.000ns period=10.000ns})
  Destination:            ram_idx_reg[9]/R
                            (rising edge-triggered cell FDRE clocked by sys_clk_pin  {rise@0.000ns fall@5.000ns period=10.000ns})
  Path Group:             sys_clk_pin
  Path Type:              Setup (Max at Slow Process Corner)
  Requirement:            10.000ns  (sys_clk_pin rise@10.000ns - sys_clk_pin rise@0.000ns)
  Data Path Delay:        5.104ns  (logic 1.623ns (31.797%)  route 3.481ns (68.203%))
  Logic Levels:           4  (LUT5=3 LUT6=1)
  Clock Path Skew:        -0.025ns (DCD - SCD + CPR)
    Destination Clock Delay (DCD):    4.232ns = ( 14.232 - 10.000 ) 
    Source Clock Delay      (SCD):    4.499ns
    Clock Pessimism Removal (CPR):    0.242ns
  Clock Uncertainty:      0.035ns  ((TSJ^2 + TIJ^2)^1/2 + DJ) / 2 + PE
    Total System Jitter     (TSJ):    0.071ns
    Total Input Jitter      (TIJ):    0.000ns
    Discrete Jitter          (DJ):    0.000ns
    Phase Error              (PE):    0.000ns

    Location             Delay type                Incr(ns)  Path(ns)    Netlist Resource(s)
  -------------------------------------------------------------------    -------------------
                         (clock sys_clk_pin rise edge)
                                                      0.000     0.000 r  
    R2                                                0.000     0.000 r  CLK100MHZ (IN)
                         net (fo=0)                   0.000     0.000    CLK100MHZ
    R2                   IBUF (Prop_ibuf_I_O)         0.880     0.880 r  CLK100MHZ_IBUF_inst/O
                         net (fo=1, routed)           1.962     2.841    CLK100MHZ_IBUF
    BUFGCTRL_X0Y0        BUFG (Prop_bufg_I_O)         0.096     2.937 r  CLK100MHZ_IBUF_BUFG_inst/O
                         net (fo=184, routed)         1.561     4.499    CLK100MHZ_IBUF_BUFG
    SLICE_X8Y46          FDRE                                         r  ram_idx_reg[2]/C
  -------------------------------------------------------------------    -------------------
    SLICE_X8Y46          FDRE (Prop_fdre_C_Q)         0.478     4.977 f  ram_idx_reg[2]/Q
                         net (fo=7, routed)           0.691     5.668    ram_idx[2]
    SLICE_X9Y45          LUT6 (Prop_lut6_I1_O)        0.295     5.963 r  ram_idx[9]_i_7/O
                         net (fo=5, routed)           0.683     6.646    ram_idx[9]_i_7_n_0
    SLICE_X8Y45          LUT5 (Prop_lut5_I3_O)        0.150     6.796 f  FSM_onehot_logger_state[3]_i_2/O
                         net (fo=5, routed)           1.038     7.833    FSM_onehot_logger_state[3]_i_2_n_0
    SLICE_X5Y45          LUT5 (Prop_lut5_I4_O)        0.374     8.207 r  ram_idx[9]_i_5/O
                         net (fo=2, routed)           0.307     8.514    ram_idx[9]_i_5_n_0
    SLICE_X5Y46          LUT5 (Prop_lut5_I1_O)        0.326     8.840 r  ram_idx[9]_i_1/O
                         net (fo=4, routed)           0.763     9.603    ram_idx[9]_i_1_n_0
    SLICE_X8Y45          FDRE                                         r  ram_idx_reg[9]/R
  -------------------------------------------------------------------    -------------------

                         (clock sys_clk_pin rise edge)
                                                     10.000    10.000 r  
    R2                                                0.000    10.000 r  CLK100MHZ (IN)
                         net (fo=0)                   0.000    10.000    CLK100MHZ
    R2                   IBUF (Prop_ibuf_I_O)         0.839    10.839 r  CLK100MHZ_IBUF_inst/O
                         net (fo=1, routed)           1.859    12.698    CLK100MHZ_IBUF
    BUFGCTRL_X0Y0        BUFG (Prop_bufg_I_O)         0.091    12.789 r  CLK100MHZ_IBUF_BUFG_inst/O
                         net (fo=184, routed)         1.442    14.232    CLK100MHZ_IBUF_BUFG
    SLICE_X8Y45          FDRE                                         r  ram_idx_reg[9]/C
                         clock pessimism              0.242    14.474    
                         clock uncertainty           -0.035    14.438    
    SLICE_X8Y45          FDRE (Setup_fdre_C_R)       -0.524    13.914    ram_idx_reg[9]
  -------------------------------------------------------------------
                         required time                         13.914    
                         arrival time                          -9.603    
  -------------------------------------------------------------------
                         slack                                  4.311    

Slack (MET) :             4.382ns  (required time - arrival time)
  Source:                 cycle_counter_reg[6]/C
                            (rising edge-triggered cell FDRE clocked by sys_clk_pin  {rise@0.000ns fall@5.000ns period=10.000ns})
  Destination:            cycle_counter_reg[15]/R
                            (rising edge-triggered cell FDRE clocked by sys_clk_pin  {rise@0.000ns fall@5.000ns period=10.000ns})
  Path Group:             sys_clk_pin
  Path Type:              Setup (Max at Slow Process Corner)
  Requirement:            10.000ns  (sys_clk_pin rise@10.000ns - sys_clk_pin rise@0.000ns)
  Data Path Delay:        5.129ns  (logic 1.317ns (25.676%)  route 3.812ns (74.324%))
  Logic Levels:           4  (LUT3=1 LUT6=3)
  Clock Path Skew:        -0.024ns (DCD - SCD + CPR)
    Destination Clock Delay (DCD):    4.302ns = ( 14.302 - 10.000 ) 
    Source Clock Delay      (SCD):    4.568ns
    Clock Pessimism Removal (CPR):    0.242ns
  Clock Uncertainty:      0.035ns  ((TSJ^2 + TIJ^2)^1/2 + DJ) / 2 + PE
    Total System Jitter     (TSJ):    0.071ns
    Total Input Jitter      (TIJ):    0.000ns
    Discrete Jitter          (DJ):    0.000ns
    Phase Error              (PE):    0.000ns

    Location             Delay type                Incr(ns)  Path(ns)    Netlist Resource(s)
  -------------------------------------------------------------------    -------------------
                         (clock sys_clk_pin rise edge)
                                                      0.000     0.000 r  
    R2                                                0.000     0.000 r  CLK100MHZ (IN)
                         net (fo=0)                   0.000     0.000    CLK100MHZ
    R2                   IBUF (Prop_ibuf_I_O)         0.880     0.880 r  CLK100MHZ_IBUF_inst/O
                         net (fo=1, routed)           1.962     2.841    CLK100MHZ_IBUF
    BUFGCTRL_X0Y0        BUFG (Prop_bufg_I_O)         0.096     2.937 r  CLK100MHZ_IBUF_BUFG_inst/O
                         net (fo=184, routed)         1.630     4.568    CLK100MHZ_IBUF_BUFG
    SLICE_X3Y46          FDRE                                         r  cycle_counter_reg[6]/C
  -------------------------------------------------------------------    -------------------
    SLICE_X3Y46          FDRE (Prop_fdre_C_Q)         0.419     4.987 r  cycle_counter_reg[6]/Q
                         net (fo=5, routed)           1.117     6.104    cycle_counter_reg_n_0_[6]
    SLICE_X1Y48          LUT3 (Prop_lut3_I0_O)        0.324     6.428 r  FSM_onehot_current_state[4]_i_15/O
                         net (fo=1, routed)           0.848     7.275    FSM_onehot_current_state[4]_i_15_n_0
    SLICE_X1Y48          LUT6 (Prop_lut6_I1_O)        0.326     7.601 f  FSM_onehot_current_state[4]_i_9/O
                         net (fo=1, routed)           0.412     8.013    FSM_onehot_current_state[4]_i_9_n_0
    SLICE_X1Y47          LUT6 (Prop_lut6_I4_O)        0.124     8.137 f  FSM_onehot_current_state[4]_i_2/O
                         net (fo=2, routed)           0.648     8.786    FSM_onehot_current_state[4]_i_2_n_0
    SLICE_X1Y46          LUT6 (Prop_lut6_I1_O)        0.124     8.910 r  cycle_counter[19]_i_1/O
                         net (fo=20, routed)          0.787     9.697    cycle_counter[19]_i_1_n_0
    SLICE_X3Y49          FDRE                                         r  cycle_counter_reg[15]/R
  -------------------------------------------------------------------    -------------------

                         (clock sys_clk_pin rise edge)
                                                     10.000    10.000 r  
    R2                                                0.000    10.000 r  CLK100MHZ (IN)
                         net (fo=0)                   0.000    10.000    CLK100MHZ
    R2                   IBUF (Prop_ibuf_I_O)         0.839    10.839 r  CLK100MHZ_IBUF_inst/O
                         net (fo=1, routed)           1.859    12.698    CLK100MHZ_IBUF
    BUFGCTRL_X0Y0        BUFG (Prop_bufg_I_O)         0.091    12.789 r  CLK100MHZ_IBUF_BUFG_inst/O
                         net (fo=184, routed)         1.512    14.302    CLK100MHZ_IBUF_BUFG
    SLICE_X3Y49          FDRE                                         r  cycle_counter_reg[15]/C
                         clock pessimism              0.242    14.544    
                         clock uncertainty           -0.035    14.508    
    SLICE_X3Y49          FDRE (Setup_fdre_C_R)       -0.429    14.079    cycle_counter_reg[15]
  -------------------------------------------------------------------
                         required time                         14.079    
                         arrival time                          -9.697    
  -------------------------------------------------------------------
                         slack                                  4.382    

Slack (MET) :             4.382ns  (required time - arrival time)
  Source:                 cycle_counter_reg[6]/C
                            (rising edge-triggered cell FDRE clocked by sys_clk_pin  {rise@0.000ns fall@5.000ns period=10.000ns})
  Destination:            cycle_counter_reg[16]/R
                            (rising edge-triggered cell FDRE clocked by sys_clk_pin  {rise@0.000ns fall@5.000ns period=10.000ns})
  Path Group:             sys_clk_pin
  Path Type:              Setup (Max at Slow Process Corner)
  Requirement:            10.000ns  (sys_clk_pin rise@10.000ns - sys_clk_pin rise@0.000ns)
  Data Path Delay:        5.129ns  (logic 1.317ns (25.676%)  route 3.812ns (74.324%))
  Logic Levels:           4  (LUT3=1 LUT6=3)
  Clock Path Skew:        -0.024ns (DCD - SCD + CPR)
    Destination Clock Delay (DCD):    4.302ns = ( 14.302 - 10.000 ) 
    Source Clock Delay      (SCD):    4.568ns
    Clock Pessimism Removal (CPR):    0.242ns
  Clock Uncertainty:      0.035ns  ((TSJ^2 + TIJ^2)^1/2 + DJ) / 2 + PE
    Total System Jitter     (TSJ):    0.071ns
    Total Input Jitter      (TIJ):    0.000ns
    Discrete Jitter          (DJ):    0.000ns
    Phase Error              (PE):    0.000ns

    Location             Delay type                Incr(ns)  Path(ns)    Netlist Resource(s)
  -------------------------------------------------------------------    -------------------
                         (clock sys_clk_pin rise edge)
                                                      0.000     0.000 r  
    R2                                                0.000     0.000 r  CLK100MHZ (IN)
                         net (fo=0)                   0.000     0.000    CLK100MHZ
    R2                   IBUF (Prop_ibuf_I_O)         0.880     0.880 r  CLK100MHZ_IBUF_inst/O
                         net (fo=1, routed)           1.962     2.841    CLK100MHZ_IBUF
    BUFGCTRL_X0Y0        BUFG (Prop_bufg_I_O)         0.096     2.937 r  CLK100MHZ_IBUF_BUFG_inst/O
                         net (fo=184, routed)         1.630     4.568    CLK100MHZ_IBUF_BUFG
    SLICE_X3Y46          FDRE                                         r  cycle_counter_reg[6]/C
  -------------------------------------------------------------------    -------------------
    SLICE_X3Y46          FDRE (Prop_fdre_C_Q)         0.419     4.987 r  cycle_counter_reg[6]/Q
                         net (fo=5, routed)           1.117     6.104    cycle_counter_reg_n_0_[6]
    SLICE_X1Y48          LUT3 (Prop_lut3_I0_O)        0.324     6.428 r  FSM_onehot_current_state[4]_i_15/O
                         net (fo=1, routed)           0.848     7.275    FSM_onehot_current_state[4]_i_15_n_0
    SLICE_X1Y48          LUT6 (Prop_lut6_I1_O)        0.326     7.601 f  FSM_onehot_current_state[4]_i_9/O
                         net (fo=1, routed)           0.412     8.013    FSM_onehot_current_state[4]_i_9_n_0
    SLICE_X1Y47          LUT6 (Prop_lut6_I4_O)        0.124     8.137 f  FSM_onehot_current_state[4]_i_2/O
                         net (fo=2, routed)           0.648     8.786    FSM_onehot_current_state[4]_i_2_n_0
    SLICE_X1Y46          LUT6 (Prop_lut6_I1_O)        0.124     8.910 r  cycle_counter[19]_i_1/O
                         net (fo=20, routed)          0.787     9.697    cycle_counter[19]_i_1_n_0
    SLICE_X3Y49          FDRE                                         r  cycle_counter_reg[16]/R
  -------------------------------------------------------------------    -------------------

                         (clock sys_clk_pin rise edge)
                                                     10.000    10.000 r  
    R2                                                0.000    10.000 r  CLK100MHZ (IN)
                         net (fo=0)                   0.000    10.000    CLK100MHZ
    R2                   IBUF (Prop_ibuf_I_O)         0.839    10.839 r  CLK100MHZ_IBUF_inst/O
                         net (fo=1, routed)           1.859    12.698    CLK100MHZ_IBUF
    BUFGCTRL_X0Y0        BUFG (Prop_bufg_I_O)         0.091    12.789 r  CLK100MHZ_IBUF_BUFG_inst/O
                         net (fo=184, routed)         1.512    14.302    CLK100MHZ_IBUF_BUFG
    SLICE_X3Y49          FDRE                                         r  cycle_counter_reg[16]/C
                         clock pessimism              0.242    14.544    
                         clock uncertainty           -0.035    14.508    
    SLICE_X3Y49          FDRE (Setup_fdre_C_R)       -0.429    14.079    cycle_counter_reg[16]
  -------------------------------------------------------------------
                         required time                         14.079    
                         arrival time                          -9.697    
  -------------------------------------------------------------------
                         slack                                  4.382    

Slack (MET) :             4.382ns  (required time - arrival time)
  Source:                 cycle_counter_reg[6]/C
                            (rising edge-triggered cell FDRE clocked by sys_clk_pin  {rise@0.000ns fall@5.000ns period=10.000ns})
  Destination:            cycle_counter_reg[17]/R
                            (rising edge-triggered cell FDRE clocked by sys_clk_pin  {rise@0.000ns fall@5.000ns period=10.000ns})
  Path Group:             sys_clk_pin
  Path Type:              Setup (Max at Slow Process Corner)
  Requirement:            10.000ns  (sys_clk_pin rise@10.000ns - sys_clk_pin rise@0.000ns)
  Data Path Delay:        5.129ns  (logic 1.317ns (25.676%)  route 3.812ns (74.324%))
  Logic Levels:           4  (LUT3=1 LUT6=3)
  Clock Path Skew:        -0.024ns (DCD - SCD + CPR)
    Destination Clock Delay (DCD):    4.302ns = ( 14.302 - 10.000 ) 
    Source Clock Delay      (SCD):    4.568ns
    Clock Pessimism Removal (CPR):    0.242ns
  Clock Uncertainty:      0.035ns  ((TSJ^2 + TIJ^2)^1/2 + DJ) / 2 + PE
    Total System Jitter     (TSJ):    0.071ns
    Total Input Jitter      (TIJ):    0.000ns
    Discrete Jitter          (DJ):    0.000ns
    Phase Error              (PE):    0.000ns

    Location             Delay type                Incr(ns)  Path(ns)    Netlist Resource(s)
  -------------------------------------------------------------------    -------------------
                         (clock sys_clk_pin rise edge)
                                                      0.000     0.000 r  
    R2                                                0.000     0.000 r  CLK100MHZ (IN)
                         net (fo=0)                   0.000     0.000    CLK100MHZ
    R2                   IBUF (Prop_ibuf_I_O)         0.880     0.880 r  CLK100MHZ_IBUF_inst/O
                         net (fo=1, routed)           1.962     2.841    CLK100MHZ_IBUF
    BUFGCTRL_X0Y0        BUFG (Prop_bufg_I_O)         0.096     2.937 r  CLK100MHZ_IBUF_BUFG_inst/O
                         net (fo=184, routed)         1.630     4.568    CLK100MHZ_IBUF_BUFG
    SLICE_X3Y46          FDRE                                         r  cycle_counter_reg[6]/C
  -------------------------------------------------------------------    -------------------
    SLICE_X3Y46          FDRE (Prop_fdre_C_Q)         0.419     4.987 r  cycle_counter_reg[6]/Q
                         net (fo=5, routed)           1.117     6.104    cycle_counter_reg_n_0_[6]
    SLICE_X1Y48          LUT3 (Prop_lut3_I0_O)        0.324     6.428 r  FSM_onehot_current_state[4]_i_15/O
                         net (fo=1, routed)           0.848     7.275    FSM_onehot_current_state[4]_i_15_n_0
    SLICE_X1Y48          LUT6 (Prop_lut6_I1_O)        0.326     7.601 f  FSM_onehot_current_state[4]_i_9/O
                         net (fo=1, routed)           0.412     8.013    FSM_onehot_current_state[4]_i_9_n_0
    SLICE_X1Y47          LUT6 (Prop_lut6_I4_O)        0.124     8.137 f  FSM_onehot_current_state[4]_i_2/O
                         net (fo=2, routed)           0.648     8.786    FSM_onehot_current_state[4]_i_2_n_0
    SLICE_X1Y46          LUT6 (Prop_lut6_I1_O)        0.124     8.910 r  cycle_counter[19]_i_1/O
                         net (fo=20, routed)          0.787     9.697    cycle_counter[19]_i_1_n_0
    SLICE_X3Y49          FDRE                                         r  cycle_counter_reg[17]/R
  -------------------------------------------------------------------    -------------------

                         (clock sys_clk_pin rise edge)
                                                     10.000    10.000 r  
    R2                                                0.000    10.000 r  CLK100MHZ (IN)
                         net (fo=0)                   0.000    10.000    CLK100MHZ
    R2                   IBUF (Prop_ibuf_I_O)         0.839    10.839 r  CLK100MHZ_IBUF_inst/O
                         net (fo=1, routed)           1.859    12.698    CLK100MHZ_IBUF
    BUFGCTRL_X0Y0        BUFG (Prop_bufg_I_O)         0.091    12.789 r  CLK100MHZ_IBUF_BUFG_inst/O
                         net (fo=184, routed)         1.512    14.302    CLK100MHZ_IBUF_BUFG
    SLICE_X3Y49          FDRE                                         r  cycle_counter_reg[17]/C
                         clock pessimism              0.242    14.544    
                         clock uncertainty           -0.035    14.508    
    SLICE_X3Y49          FDRE (Setup_fdre_C_R)       -0.429    14.079    cycle_counter_reg[17]
  -------------------------------------------------------------------
                         required time                         14.079    
                         arrival time                          -9.697    
  -------------------------------------------------------------------
                         slack                                  4.382    

Slack (MET) :             4.382ns  (required time - arrival time)
  Source:                 cycle_counter_reg[6]/C
                            (rising edge-triggered cell FDRE clocked by sys_clk_pin  {rise@0.000ns fall@5.000ns period=10.000ns})
  Destination:            cycle_counter_reg[18]/R
                            (rising edge-triggered cell FDRE clocked by sys_clk_pin  {rise@0.000ns fall@5.000ns period=10.000ns})
  Path Group:             sys_clk_pin
  Path Type:              Setup (Max at Slow Process Corner)
  Requirement:            10.000ns  (sys_clk_pin rise@10.000ns - sys_clk_pin rise@0.000ns)
  Data Path Delay:        5.129ns  (logic 1.317ns (25.676%)  route 3.812ns (74.324%))
  Logic Levels:           4  (LUT3=1 LUT6=3)
  Clock Path Skew:        -0.024ns (DCD - SCD + CPR)
    Destination Clock Delay (DCD):    4.302ns = ( 14.302 - 10.000 ) 
    Source Clock Delay      (SCD):    4.568ns
    Clock Pessimism Removal (CPR):    0.242ns
  Clock Uncertainty:      0.035ns  ((TSJ^2 + TIJ^2)^1/2 + DJ) / 2 + PE
    Total System Jitter     (TSJ):    0.071ns
    Total Input Jitter      (TIJ):    0.000ns
    Discrete Jitter          (DJ):    0.000ns
    Phase Error              (PE):    0.000ns

    Location             Delay type                Incr(ns)  Path(ns)    Netlist Resource(s)
  -------------------------------------------------------------------    -------------------
                         (clock sys_clk_pin rise edge)
                                                      0.000     0.000 r  
    R2                                                0.000     0.000 r  CLK100MHZ (IN)
                         net (fo=0)                   0.000     0.000    CLK100MHZ
    R2                   IBUF (Prop_ibuf_I_O)         0.880     0.880 r  CLK100MHZ_IBUF_inst/O
                         net (fo=1, routed)           1.962     2.841    CLK100MHZ_IBUF
    BUFGCTRL_X0Y0        BUFG (Prop_bufg_I_O)         0.096     2.937 r  CLK100MHZ_IBUF_BUFG_inst/O
                         net (fo=184, routed)         1.630     4.568    CLK100MHZ_IBUF_BUFG
    SLICE_X3Y46          FDRE                                         r  cycle_counter_reg[6]/C
  -------------------------------------------------------------------    -------------------
    SLICE_X3Y46          FDRE (Prop_fdre_C_Q)         0.419     4.987 r  cycle_counter_reg[6]/Q
                         net (fo=5, routed)           1.117     6.104    cycle_counter_reg_n_0_[6]
    SLICE_X1Y48          LUT3 (Prop_lut3_I0_O)        0.324     6.428 r  FSM_onehot_current_state[4]_i_15/O
                         net (fo=1, routed)           0.848     7.275    FSM_onehot_current_state[4]_i_15_n_0
    SLICE_X1Y48          LUT6 (Prop_lut6_I1_O)        0.326     7.601 f  FSM_onehot_current_state[4]_i_9/O
                         net (fo=1, routed)           0.412     8.013    FSM_onehot_current_state[4]_i_9_n_0
    SLICE_X1Y47          LUT6 (Prop_lut6_I4_O)        0.124     8.137 f  FSM_onehot_current_state[4]_i_2/O
                         net (fo=2, routed)           0.648     8.786    FSM_onehot_current_state[4]_i_2_n_0
    SLICE_X1Y46          LUT6 (Prop_lut6_I1_O)        0.124     8.910 r  cycle_counter[19]_i_1/O
                         net (fo=20, routed)          0.787     9.697    cycle_counter[19]_i_1_n_0
    SLICE_X3Y49          FDRE                                         r  cycle_counter_reg[18]/R
  -------------------------------------------------------------------    -------------------

                         (clock sys_clk_pin rise edge)
                                                     10.000    10.000 r  
    R2                                                0.000    10.000 r  CLK100MHZ (IN)
                         net (fo=0)                   0.000    10.000    CLK100MHZ
    R2                   IBUF (Prop_ibuf_I_O)         0.839    10.839 r  CLK100MHZ_IBUF_inst/O
                         net (fo=1, routed)           1.859    12.698    CLK100MHZ_IBUF
    BUFGCTRL_X0Y0        BUFG (Prop_bufg_I_O)         0.091    12.789 r  CLK100MHZ_IBUF_BUFG_inst/O
                         net (fo=184, routed)         1.512    14.302    CLK100MHZ_IBUF_BUFG
    SLICE_X3Y49          FDRE                                         r  cycle_counter_reg[18]/C
                         clock pessimism              0.242    14.544    
                         clock uncertainty           -0.035    14.508    
    SLICE_X3Y49          FDRE (Setup_fdre_C_R)       -0.429    14.079    cycle_counter_reg[18]
  -------------------------------------------------------------------
                         required time                         14.079    
                         arrival time                          -9.697    
  -------------------------------------------------------------------
                         slack                                  4.382    

Slack (MET) :             4.514ns  (required time - arrival time)
  Source:                 cycle_counter_reg[1]/C
                            (rising edge-triggered cell FDRE clocked by sys_clk_pin  {rise@0.000ns fall@5.000ns period=10.000ns})
  Destination:            pulse_counter_reg[0]/R
                            (rising edge-triggered cell FDRE clocked by sys_clk_pin  {rise@0.000ns fall@5.000ns period=10.000ns})
  Path Group:             sys_clk_pin
  Path Type:              Setup (Max at Slow Process Corner)
  Requirement:            10.000ns  (sys_clk_pin rise@10.000ns - sys_clk_pin rise@0.000ns)
  Data Path Delay:        4.893ns  (logic 1.090ns (22.275%)  route 3.803ns (77.725%))
  Logic Levels:           4  (LUT3=1 LUT6=3)
  Clock Path Skew:        -0.129ns (DCD - SCD + CPR)
    Destination Clock Delay (DCD):    4.291ns = ( 14.291 - 10.000 ) 
    Source Clock Delay      (SCD):    4.568ns
    Clock Pessimism Removal (CPR):    0.148ns
  Clock Uncertainty:      0.035ns  ((TSJ^2 + TIJ^2)^1/2 + DJ) / 2 + PE
    Total System Jitter     (TSJ):    0.071ns
    Total Input Jitter      (TIJ):    0.000ns
    Discrete Jitter          (DJ):    0.000ns
    Phase Error              (PE):    0.000ns

    Location             Delay type                Incr(ns)  Path(ns)    Netlist Resource(s)
  -------------------------------------------------------------------    -------------------
                         (clock sys_clk_pin rise edge)
                                                      0.000     0.000 r  
    R2                                                0.000     0.000 r  CLK100MHZ (IN)
                         net (fo=0)                   0.000     0.000    CLK100MHZ
    R2                   IBUF (Prop_ibuf_I_O)         0.880     0.880 r  CLK100MHZ_IBUF_inst/O
                         net (fo=1, routed)           1.962     2.841    CLK100MHZ_IBUF
    BUFGCTRL_X0Y0        BUFG (Prop_bufg_I_O)         0.096     2.937 r  CLK100MHZ_IBUF_BUFG_inst/O
                         net (fo=184, routed)         1.630     4.568    CLK100MHZ_IBUF_BUFG
    SLICE_X3Y46          FDRE                                         r  cycle_counter_reg[1]/C
  -------------------------------------------------------------------    -------------------
    SLICE_X3Y46          FDRE (Prop_fdre_C_Q)         0.419     4.987 r  cycle_counter_reg[1]/Q
                         net (fo=7, routed)           1.438     6.425    cycle_counter_reg_n_0_[1]
    SLICE_X0Y47          LUT6 (Prop_lut6_I0_O)        0.299     6.724 f  FSM_onehot_current_state[4]_i_16/O
                         net (fo=2, routed)           0.554     7.278    FSM_onehot_current_state[4]_i_16_n_0
    SLICE_X1Y48          LUT6 (Prop_lut6_I2_O)        0.124     7.402 f  pulse_counter[5]_i_6/O
                         net (fo=1, routed)           0.424     7.826    pulse_counter[5]_i_6_n_0
    SLICE_X3Y49          LUT6 (Prop_lut6_I1_O)        0.124     7.950 f  pulse_counter[5]_i_4/O
                         net (fo=4, routed)           0.625     8.575    pulse_counter[5]_i_4_n_0
    SLICE_X1Y50          LUT3 (Prop_lut3_I0_O)        0.124     8.699 r  pulse_counter[5]_i_1/O
                         net (fo=5, routed)           0.762     9.461    heartbeat
    SLICE_X0Y50          FDRE                                         r  pulse_counter_reg[0]/R
  -------------------------------------------------------------------    -------------------

                         (clock sys_clk_pin rise edge)
                                                     10.000    10.000 r  
    R2                                                0.000    10.000 r  CLK100MHZ (IN)
                         net (fo=0)                   0.000    10.000    CLK100MHZ
    R2                   IBUF (Prop_ibuf_I_O)         0.839    10.839 r  CLK100MHZ_IBUF_inst/O
                         net (fo=1, routed)           1.859    12.698    CLK100MHZ_IBUF
    BUFGCTRL_X0Y0        BUFG (Prop_bufg_I_O)         0.091    12.789 r  CLK100MHZ_IBUF_BUFG_inst/O
                         net (fo=184, routed)         1.502    14.291    CLK100MHZ_IBUF_BUFG
    SLICE_X0Y50          FDRE                                         r  pulse_counter_reg[0]/C
                         clock pessimism              0.148    14.439    
                         clock uncertainty           -0.035    14.404    
    SLICE_X0Y50          FDRE (Setup_fdre_C_R)       -0.429    13.975    pulse_counter_reg[0]
  -------------------------------------------------------------------
                         required time                         13.975    
                         arrival time                          -9.461    
  -------------------------------------------------------------------
                         slack                                  4.514    

Slack (MET) :             4.514ns  (required time - arrival time)
  Source:                 cycle_counter_reg[1]/C
                            (rising edge-triggered cell FDRE clocked by sys_clk_pin  {rise@0.000ns fall@5.000ns period=10.000ns})
  Destination:            pulse_counter_reg[2]/R
                            (rising edge-triggered cell FDRE clocked by sys_clk_pin  {rise@0.000ns fall@5.000ns period=10.000ns})
  Path Group:             sys_clk_pin
  Path Type:              Setup (Max at Slow Process Corner)
  Requirement:            10.000ns  (sys_clk_pin rise@10.000ns - sys_clk_pin rise@0.000ns)
  Data Path Delay:        4.893ns  (logic 1.090ns (22.275%)  route 3.803ns (77.725%))
  Logic Levels:           4  (LUT3=1 LUT6=3)
  Clock Path Skew:        -0.129ns (DCD - SCD + CPR)
    Destination Clock Delay (DCD):    4.291ns = ( 14.291 - 10.000 ) 
    Source Clock Delay      (SCD):    4.568ns
    Clock Pessimism Removal (CPR):    0.148ns
  Clock Uncertainty:      0.035ns  ((TSJ^2 + TIJ^2)^1/2 + DJ) / 2 + PE
    Total System Jitter     (TSJ):    0.071ns
    Total Input Jitter      (TIJ):    0.000ns
    Discrete Jitter          (DJ):    0.000ns
    Phase Error              (PE):    0.000ns

    Location             Delay type                Incr(ns)  Path(ns)    Netlist Resource(s)
  -------------------------------------------------------------------    -------------------
                         (clock sys_clk_pin rise edge)
                                                      0.000     0.000 r  
    R2                                                0.000     0.000 r  CLK100MHZ (IN)
                         net (fo=0)                   0.000     0.000    CLK100MHZ
    R2                   IBUF (Prop_ibuf_I_O)         0.880     0.880 r  CLK100MHZ_IBUF_inst/O
                         net (fo=1, routed)           1.962     2.841    CLK100MHZ_IBUF
    BUFGCTRL_X0Y0        BUFG (Prop_bufg_I_O)         0.096     2.937 r  CLK100MHZ_IBUF_BUFG_inst/O
                         net (fo=184, routed)         1.630     4.568    CLK100MHZ_IBUF_BUFG
    SLICE_X3Y46          FDRE                                         r  cycle_counter_reg[1]/C
  -------------------------------------------------------------------    -------------------
    SLICE_X3Y46          FDRE (Prop_fdre_C_Q)         0.419     4.987 r  cycle_counter_reg[1]/Q
                         net (fo=7, routed)           1.438     6.425    cycle_counter_reg_n_0_[1]
    SLICE_X0Y47          LUT6 (Prop_lut6_I0_O)        0.299     6.724 f  FSM_onehot_current_state[4]_i_16/O
                         net (fo=2, routed)           0.554     7.278    FSM_onehot_current_state[4]_i_16_n_0
    SLICE_X1Y48          LUT6 (Prop_lut6_I2_O)        0.124     7.402 f  pulse_counter[5]_i_6/O
                         net (fo=1, routed)           0.424     7.826    pulse_counter[5]_i_6_n_0
    SLICE_X3Y49          LUT6 (Prop_lut6_I1_O)        0.124     7.950 f  pulse_counter[5]_i_4/O
                         net (fo=4, routed)           0.625     8.575    pulse_counter[5]_i_4_n_0
    SLICE_X1Y50          LUT3 (Prop_lut3_I0_O)        0.124     8.699 r  pulse_counter[5]_i_1/O
                         net (fo=5, routed)           0.762     9.461    heartbeat
    SLICE_X0Y50          FDRE                                         r  pulse_counter_reg[2]/R
  -------------------------------------------------------------------    -------------------

                         (clock sys_clk_pin rise edge)
                                                     10.000    10.000 r  
    R2                                                0.000    10.000 r  CLK100MHZ (IN)
                         net (fo=0)                   0.000    10.000    CLK100MHZ
    R2                   IBUF (Prop_ibuf_I_O)         0.839    10.839 r  CLK100MHZ_IBUF_inst/O
                         net (fo=1, routed)           1.859    12.698    CLK100MHZ_IBUF
    BUFGCTRL_X0Y0        BUFG (Prop_bufg_I_O)         0.091    12.789 r  CLK100MHZ_IBUF_BUFG_inst/O
                         net (fo=184, routed)         1.502    14.291    CLK100MHZ_IBUF_BUFG
    SLICE_X0Y50          FDRE                                         r  pulse_counter_reg[2]/C
                         clock pessimism              0.148    14.439    
                         clock uncertainty           -0.035    14.404    
    SLICE_X0Y50          FDRE (Setup_fdre_C_R)       -0.429    13.975    pulse_counter_reg[2]
  -------------------------------------------------------------------
                         required time                         13.975    
                         arrival time                          -9.461    
  -------------------------------------------------------------------
                         slack                                  4.514    





Min Delay Paths
--------------------------------------------------------------------------------------
Slack (MET) :             0.104ns  (arrival time - required time)
  Source:                 main_cnt_reg[27]/C
                            (rising edge-triggered cell FDRE clocked by sys_clk_pin  {rise@0.000ns fall@5.000ns period=10.000ns})
  Destination:            main_cnt_reg[29]/D
                            (rising edge-triggered cell FDRE clocked by sys_clk_pin  {rise@0.000ns fall@5.000ns period=10.000ns})
  Path Group:             sys_clk_pin
  Path Type:              Hold (Min at Fast Process Corner)
  Requirement:            0.000ns  (sys_clk_pin rise@0.000ns - sys_clk_pin rise@0.000ns)
  Data Path Delay:        0.477ns  (logic 0.355ns (74.381%)  route 0.122ns (25.619%))
  Logic Levels:           2  (CARRY4=2)
  Clock Path Skew:        0.268ns (DCD - SCD - CPR)
    Destination Clock Delay (DCD):    1.946ns
    Source Clock Delay      (SCD):    1.591ns
    Clock Pessimism Removal (CPR):    0.086ns

    Location             Delay type                Incr(ns)  Path(ns)    Netlist Resource(s)
  -------------------------------------------------------------------    -------------------
                         (clock sys_clk_pin rise edge)
                                                      0.000     0.000 r  
    R2                                                0.000     0.000 r  CLK100MHZ (IN)
                         net (fo=0)                   0.000     0.000    CLK100MHZ
    R2                   IBUF (Prop_ibuf_I_O)         0.345     0.345 r  CLK100MHZ_IBUF_inst/O
                         net (fo=1, routed)           0.630     0.975    CLK100MHZ_IBUF
    BUFGCTRL_X0Y0        BUFG (Prop_bufg_I_O)         0.026     1.001 r  CLK100MHZ_IBUF_BUFG_inst/O
                         net (fo=184, routed)         0.591     1.591    CLK100MHZ_IBUF_BUFG
    SLICE_X7Y49          FDRE                                         r  main_cnt_reg[27]/C
  -------------------------------------------------------------------    -------------------
    SLICE_X7Y49          FDRE (Prop_fdre_C_Q)         0.141     1.732 r  main_cnt_reg[27]/Q
                         net (fo=3, routed)           0.122     1.854    main_cnt_reg_n_0_[27]
    SLICE_X7Y49          CARRY4 (Prop_carry4_S[2]_CO[3])
                                                      0.160     2.014 r  main_cnt_reg[28]_i_1/CO[3]
                         net (fo=1, routed)           0.001     2.015    main_cnt_reg[28]_i_1_n_0
    SLICE_X7Y50          CARRY4 (Prop_carry4_CI_O[0])
                                                      0.054     2.069 r  main_cnt_reg[31]_i_2/O[0]
                         net (fo=1, routed)           0.000     2.069    main_cnt_reg[31]_i_2_n_7
    SLICE_X7Y50          FDRE                                         r  main_cnt_reg[29]/D
  -------------------------------------------------------------------    -------------------

                         (clock sys_clk_pin rise edge)
                                                      0.000     0.000 r  
    R2                                                0.000     0.000 r  CLK100MHZ (IN)
                         net (fo=0)                   0.000     0.000    CLK100MHZ
    R2                   IBUF (Prop_ibuf_I_O)         0.375     0.375 r  CLK100MHZ_IBUF_inst/O
                         net (fo=1, routed)           0.683     1.058    CLK100MHZ_IBUF
    BUFGCTRL_X0Y0        BUFG (Prop_bufg_I_O)         0.029     1.087 r  CLK100MHZ_IBUF_BUFG_inst/O
                         net (fo=184, routed)         0.859     1.946    CLK100MHZ_IBUF_BUFG
    SLICE_X7Y50          FDRE                                         r  main_cnt_reg[29]/C
                         clock pessimism             -0.086     1.859    
    SLICE_X7Y50          FDRE (Hold_fdre_C_D)         0.105     1.964    main_cnt_reg[29]
  -------------------------------------------------------------------
                         required time                         -1.964    
                         arrival time                           2.069    
  -------------------------------------------------------------------
                         slack                                  0.104    

Slack (MET) :             0.115ns  (arrival time - required time)
  Source:                 main_cnt_reg[27]/C
                            (rising edge-triggered cell FDRE clocked by sys_clk_pin  {rise@0.000ns fall@5.000ns period=10.000ns})
  Destination:            main_cnt_reg[31]/D
                            (rising edge-triggered cell FDRE clocked by sys_clk_pin  {rise@0.000ns fall@5.000ns period=10.000ns})
  Path Group:             sys_clk_pin
  Path Type:              Hold (Min at Fast Process Corner)
  Requirement:            0.000ns  (sys_clk_pin rise@0.000ns - sys_clk_pin rise@0.000ns)
  Data Path Delay:        0.488ns  (logic 0.366ns (74.958%)  route 0.122ns (25.042%))
  Logic Levels:           2  (CARRY4=2)
  Clock Path Skew:        0.268ns (DCD - SCD - CPR)
    Destination Clock Delay (DCD):    1.946ns
    Source Clock Delay      (SCD):    1.591ns
    Clock Pessimism Removal (CPR):    0.086ns

    Location             Delay type                Incr(ns)  Path(ns)    Netlist Resource(s)
  -------------------------------------------------------------------    -------------------
                         (clock sys_clk_pin rise edge)
                                                      0.000     0.000 r  
    R2                                                0.000     0.000 r  CLK100MHZ (IN)
                         net (fo=0)                   0.000     0.000    CLK100MHZ
    R2                   IBUF (Prop_ibuf_I_O)         0.345     0.345 r  CLK100MHZ_IBUF_inst/O
                         net (fo=1, routed)           0.630     0.975    CLK100MHZ_IBUF
    BUFGCTRL_X0Y0        BUFG (Prop_bufg_I_O)         0.026     1.001 r  CLK100MHZ_IBUF_BUFG_inst/O
                         net (fo=184, routed)         0.591     1.591    CLK100MHZ_IBUF_BUFG
    SLICE_X7Y49          FDRE                                         r  main_cnt_reg[27]/C
  -------------------------------------------------------------------    -------------------
    SLICE_X7Y49          FDRE (Prop_fdre_C_Q)         0.141     1.732 r  main_cnt_reg[27]/Q
                         net (fo=3, routed)           0.122     1.854    main_cnt_reg_n_0_[27]
    SLICE_X7Y49          CARRY4 (Prop_carry4_S[2]_CO[3])
                                                      0.160     2.014 r  main_cnt_reg[28]_i_1/CO[3]
                         net (fo=1, routed)           0.001     2.015    main_cnt_reg[28]_i_1_n_0
    SLICE_X7Y50          CARRY4 (Prop_carry4_CI_O[2])
                                                      0.065     2.080 r  main_cnt_reg[31]_i_2/O[2]
                         net (fo=1, routed)           0.000     2.080    main_cnt_reg[31]_i_2_n_5
    SLICE_X7Y50          FDRE                                         r  main_cnt_reg[31]/D
  -------------------------------------------------------------------    -------------------

                         (clock sys_clk_pin rise edge)
                                                      0.000     0.000 r  
    R2                                                0.000     0.000 r  CLK100MHZ (IN)
                         net (fo=0)                   0.000     0.000    CLK100MHZ
    R2                   IBUF (Prop_ibuf_I_O)         0.375     0.375 r  CLK100MHZ_IBUF_inst/O
                         net (fo=1, routed)           0.683     1.058    CLK100MHZ_IBUF
    BUFGCTRL_X0Y0        BUFG (Prop_bufg_I_O)         0.029     1.087 r  CLK100MHZ_IBUF_BUFG_inst/O
                         net (fo=184, routed)         0.859     1.946    CLK100MHZ_IBUF_BUFG
    SLICE_X7Y50          FDRE                                         r  main_cnt_reg[31]/C
                         clock pessimism             -0.086     1.859    
    SLICE_X7Y50          FDRE (Hold_fdre_C_D)         0.105     1.964    main_cnt_reg[31]
  -------------------------------------------------------------------
                         required time                         -1.964    
                         arrival time                           2.080    
  -------------------------------------------------------------------
                         slack                                  0.115    

Slack (MET) :             0.124ns  (arrival time - required time)
  Source:                 ram_idx_reg[5]/C
                            (rising edge-triggered cell FDRE clocked by sys_clk_pin  {rise@0.000ns fall@5.000ns period=10.000ns})
  Destination:            adc_ram_reg/ADDRBWRADDR[9]
                            (rising edge-triggered cell RAMB18E1 clocked by sys_clk_pin  {rise@0.000ns fall@5.000ns period=10.000ns})
  Path Group:             sys_clk_pin
  Path Type:              Hold (Min at Fast Process Corner)
  Requirement:            0.000ns  (sys_clk_pin rise@0.000ns - sys_clk_pin rise@0.000ns)
  Data Path Delay:        0.366ns  (logic 0.141ns (38.536%)  route 0.225ns (61.464%))
  Logic Levels:           0  
  Clock Path Skew:        0.058ns (DCD - SCD - CPR)
    Destination Clock Delay (DCD):    1.961ns
    Source Clock Delay      (SCD):    1.563ns
    Clock Pessimism Removal (CPR):    0.339ns

    Location             Delay type                Incr(ns)  Path(ns)    Netlist Resource(s)
  -------------------------------------------------------------------    -------------------
                         (clock sys_clk_pin rise edge)
                                                      0.000     0.000 r  
    R2                                                0.000     0.000 r  CLK100MHZ (IN)
                         net (fo=0)                   0.000     0.000    CLK100MHZ
    R2                   IBUF (Prop_ibuf_I_O)         0.345     0.345 r  CLK100MHZ_IBUF_inst/O
                         net (fo=1, routed)           0.630     0.975    CLK100MHZ_IBUF
    BUFGCTRL_X0Y0        BUFG (Prop_bufg_I_O)         0.026     1.001 r  CLK100MHZ_IBUF_BUFG_inst/O
                         net (fo=184, routed)         0.563     1.563    CLK100MHZ_IBUF_BUFG
    SLICE_X9Y45          FDRE                                         r  ram_idx_reg[5]/C
  -------------------------------------------------------------------    -------------------
    SLICE_X9Y45          FDRE (Prop_fdre_C_Q)         0.141     1.704 r  ram_idx_reg[5]/Q
                         net (fo=4, routed)           0.225     1.929    ram_idx[5]
    RAMB18_X0Y18         RAMB18E1                                     r  adc_ram_reg/ADDRBWRADDR[9]
  -------------------------------------------------------------------    -------------------

                         (clock sys_clk_pin rise edge)
                                                      0.000     0.000 r  
    R2                                                0.000     0.000 r  CLK100MHZ (IN)
                         net (fo=0)                   0.000     0.000    CLK100MHZ
    R2                   IBUF (Prop_ibuf_I_O)         0.375     0.375 r  CLK100MHZ_IBUF_inst/O
                         net (fo=1, routed)           0.683     1.058    CLK100MHZ_IBUF
    BUFGCTRL_X0Y0        BUFG (Prop_bufg_I_O)         0.029     1.087 r  CLK100MHZ_IBUF_BUFG_inst/O
                         net (fo=184, routed)         0.874     1.961    CLK100MHZ_IBUF_BUFG
    RAMB18_X0Y18         RAMB18E1                                     r  adc_ram_reg/CLKBWRCLK
                         clock pessimism             -0.339     1.622    
    RAMB18_X0Y18         RAMB18E1 (Hold_ramb18e1_CLKBWRCLK_ADDRBWRADDR[9])
                                                      0.183     1.805    adc_ram_reg
  -------------------------------------------------------------------
                         required time                         -1.805    
                         arrival time                           1.929    
  -------------------------------------------------------------------
                         slack                                  0.124    

Slack (MET) :             0.125ns  (arrival time - required time)
  Source:                 ram_idx_reg[5]/C
                            (rising edge-triggered cell FDRE clocked by sys_clk_pin  {rise@0.000ns fall@5.000ns period=10.000ns})
  Destination:            adc_ram_reg/ADDRARDADDR[9]
                            (rising edge-triggered cell RAMB18E1 clocked by sys_clk_pin  {rise@0.000ns fall@5.000ns period=10.000ns})
  Path Group:             sys_clk_pin
  Path Type:              Hold (Min at Fast Process Corner)
  Requirement:            0.000ns  (sys_clk_pin rise@0.000ns - sys_clk_pin rise@0.000ns)
  Data Path Delay:        0.367ns  (logic 0.141ns (38.372%)  route 0.226ns (61.628%))
  Logic Levels:           0  
  Clock Path Skew:        0.059ns (DCD - SCD - CPR)
    Destination Clock Delay (DCD):    1.962ns
    Source Clock Delay      (SCD):    1.563ns
    Clock Pessimism Removal (CPR):    0.339ns

    Location             Delay type                Incr(ns)  Path(ns)    Netlist Resource(s)
  -------------------------------------------------------------------    -------------------
                         (clock sys_clk_pin rise edge)
                                                      0.000     0.000 r  
    R2                                                0.000     0.000 r  CLK100MHZ (IN)
                         net (fo=0)                   0.000     0.000    CLK100MHZ
    R2                   IBUF (Prop_ibuf_I_O)         0.345     0.345 r  CLK100MHZ_IBUF_inst/O
                         net (fo=1, routed)           0.630     0.975    CLK100MHZ_IBUF
    BUFGCTRL_X0Y0        BUFG (Prop_bufg_I_O)         0.026     1.001 r  CLK100MHZ_IBUF_BUFG_inst/O
                         net (fo=184, routed)         0.563     1.563    CLK100MHZ_IBUF_BUFG
    SLICE_X9Y45          FDRE                                         r  ram_idx_reg[5]/C
  -------------------------------------------------------------------    -------------------
    SLICE_X9Y45          FDRE (Prop_fdre_C_Q)         0.141     1.704 r  ram_idx_reg[5]/Q
                         net (fo=4, routed)           0.226     1.931    ram_idx[5]
    RAMB18_X0Y18         RAMB18E1                                     r  adc_ram_reg/ADDRARDADDR[9]
  -------------------------------------------------------------------    -------------------

                         (clock sys_clk_pin rise edge)
                                                      0.000     0.000 r  
    R2                                                0.000     0.000 r  CLK100MHZ (IN)
                         net (fo=0)                   0.000     0.000    CLK100MHZ
    R2                   IBUF (Prop_ibuf_I_O)         0.375     0.375 r  CLK100MHZ_IBUF_inst/O
                         net (fo=1, routed)           0.683     1.058    CLK100MHZ_IBUF
    BUFGCTRL_X0Y0        BUFG (Prop_bufg_I_O)         0.029     1.087 r  CLK100MHZ_IBUF_BUFG_inst/O
                         net (fo=184, routed)         0.875     1.962    CLK100MHZ_IBUF_BUFG
    RAMB18_X0Y18         RAMB18E1                                     r  adc_ram_reg/CLKARDCLK
                         clock pessimism             -0.339     1.623    
    RAMB18_X0Y18         RAMB18E1 (Hold_ramb18e1_CLKARDCLK_ADDRARDADDR[9])
                                                      0.183     1.806    adc_ram_reg
  -------------------------------------------------------------------
                         required time                         -1.806    
                         arrival time                           1.931    
  -------------------------------------------------------------------
                         slack                                  0.125    

Slack (MET) :             0.140ns  (arrival time - required time)
  Source:                 main_cnt_reg[27]/C
                            (rising edge-triggered cell FDRE clocked by sys_clk_pin  {rise@0.000ns fall@5.000ns period=10.000ns})
  Destination:            main_cnt_reg[30]/D
                            (rising edge-triggered cell FDRE clocked by sys_clk_pin  {rise@0.000ns fall@5.000ns period=10.000ns})
  Path Group:             sys_clk_pin
  Path Type:              Hold (Min at Fast Process Corner)
  Requirement:            0.000ns  (sys_clk_pin rise@0.000ns - sys_clk_pin rise@0.000ns)
  Data Path Delay:        0.513ns  (logic 0.391ns (76.178%)  route 0.122ns (23.822%))
  Logic Levels:           2  (CARRY4=2)
  Clock Path Skew:        0.268ns (DCD - SCD - CPR)
    Destination Clock Delay (DCD):    1.946ns
    Source Clock Delay      (SCD):    1.591ns
    Clock Pessimism Removal (CPR):    0.086ns

    Location             Delay type                Incr(ns)  Path(ns)    Netlist Resource(s)
  -------------------------------------------------------------------    -------------------
                         (clock sys_clk_pin rise edge)
                                                      0.000     0.000 r  
    R2                                                0.000     0.000 r  CLK100MHZ (IN)
                         net (fo=0)                   0.000     0.000    CLK100MHZ
    R2                   IBUF (Prop_ibuf_I_O)         0.345     0.345 r  CLK100MHZ_IBUF_inst/O
                         net (fo=1, routed)           0.630     0.975    CLK100MHZ_IBUF
    BUFGCTRL_X0Y0        BUFG (Prop_bufg_I_O)         0.026     1.001 r  CLK100MHZ_IBUF_BUFG_inst/O
                         net (fo=184, routed)         0.591     1.591    CLK100MHZ_IBUF_BUFG
    SLICE_X7Y49          FDRE                                         r  main_cnt_reg[27]/C
  -------------------------------------------------------------------    -------------------
    SLICE_X7Y49          FDRE (Prop_fdre_C_Q)         0.141     1.732 r  main_cnt_reg[27]/Q
                         net (fo=3, routed)           0.122     1.854    main_cnt_reg_n_0_[27]
    SLICE_X7Y49          CARRY4 (Prop_carry4_S[2]_CO[3])
                                                      0.160     2.014 r  main_cnt_reg[28]_i_1/CO[3]
                         net (fo=1, routed)           0.001     2.015    main_cnt_reg[28]_i_1_n_0
    SLICE_X7Y50          CARRY4 (Prop_carry4_CI_O[1])
                                                      0.090     2.105 r  main_cnt_reg[31]_i_2/O[1]
                         net (fo=1, routed)           0.000     2.105    main_cnt_reg[31]_i_2_n_6
    SLICE_X7Y50          FDRE                                         r  main_cnt_reg[30]/D
  -------------------------------------------------------------------    -------------------

                         (clock sys_clk_pin rise edge)
                                                      0.000     0.000 r  
    R2                                                0.000     0.000 r  CLK100MHZ (IN)
                         net (fo=0)                   0.000     0.000    CLK100MHZ
    R2                   IBUF (Prop_ibuf_I_O)         0.375     0.375 r  CLK100MHZ_IBUF_inst/O
                         net (fo=1, routed)           0.683     1.058    CLK100MHZ_IBUF
    BUFGCTRL_X0Y0        BUFG (Prop_bufg_I_O)         0.029     1.087 r  CLK100MHZ_IBUF_BUFG_inst/O
                         net (fo=184, routed)         0.859     1.946    CLK100MHZ_IBUF_BUFG
    SLICE_X7Y50          FDRE                                         r  main_cnt_reg[30]/C
                         clock pessimism             -0.086     1.859    
    SLICE_X7Y50          FDRE (Hold_fdre_C_D)         0.105     1.964    main_cnt_reg[30]
  -------------------------------------------------------------------
                         required time                         -1.964    
                         arrival time                           2.105    
  -------------------------------------------------------------------
                         slack                                  0.140    

Slack (MET) :             0.142ns  (arrival time - required time)
  Source:                 ram_idx_reg[6]/C
                            (rising edge-triggered cell FDRE clocked by sys_clk_pin  {rise@0.000ns fall@5.000ns period=10.000ns})
  Destination:            adc_ram_reg/ADDRARDADDR[10]
                            (rising edge-triggered cell RAMB18E1 clocked by sys_clk_pin  {rise@0.000ns fall@5.000ns period=10.000ns})
  Path Group:             sys_clk_pin
  Path Type:              Hold (Min at Fast Process Corner)
  Requirement:            0.000ns  (sys_clk_pin rise@0.000ns - sys_clk_pin rise@0.000ns)
  Data Path Delay:        0.384ns  (logic 0.141ns (36.704%)  route 0.243ns (63.296%))
  Logic Levels:           0  
  Clock Path Skew:        0.059ns (DCD - SCD - CPR)
    Destination Clock Delay (DCD):    1.962ns
    Source Clock Delay      (SCD):    1.563ns
    Clock Pessimism Removal (CPR):    0.339ns

    Location             Delay type                Incr(ns)  Path(ns)    Netlist Resource(s)
  -------------------------------------------------------------------    -------------------
                         (clock sys_clk_pin rise edge)
                                                      0.000     0.000 r  
    R2                                                0.000     0.000 r  CLK100MHZ (IN)
                         net (fo=0)                   0.000     0.000    CLK100MHZ
    R2                   IBUF (Prop_ibuf_I_O)         0.345     0.345 r  CLK100MHZ_IBUF_inst/O
                         net (fo=1, routed)           0.630     0.975    CLK100MHZ_IBUF
    BUFGCTRL_X0Y0        BUFG (Prop_bufg_I_O)         0.026     1.001 r  CLK100MHZ_IBUF_BUFG_inst/O
                         net (fo=184, routed)         0.563     1.563    CLK100MHZ_IBUF_BUFG
    SLICE_X9Y45          FDRE                                         r  ram_idx_reg[6]/C
  -------------------------------------------------------------------    -------------------
    SLICE_X9Y45          FDRE (Prop_fdre_C_Q)         0.141     1.704 r  ram_idx_reg[6]/Q
                         net (fo=7, routed)           0.243     1.947    ram_idx[6]
    RAMB18_X0Y18         RAMB18E1                                     r  adc_ram_reg/ADDRARDADDR[10]
  -------------------------------------------------------------------    -------------------

                         (clock sys_clk_pin rise edge)
                                                      0.000     0.000 r  
    R2                                                0.000     0.000 r  CLK100MHZ (IN)
                         net (fo=0)                   0.000     0.000    CLK100MHZ
    R2                   IBUF (Prop_ibuf_I_O)         0.375     0.375 r  CLK100MHZ_IBUF_inst/O
                         net (fo=1, routed)           0.683     1.058    CLK100MHZ_IBUF
    BUFGCTRL_X0Y0        BUFG (Prop_bufg_I_O)         0.029     1.087 r  CLK100MHZ_IBUF_BUFG_inst/O
                         net (fo=184, routed)         0.875     1.962    CLK100MHZ_IBUF_BUFG
    RAMB18_X0Y18         RAMB18E1                                     r  adc_ram_reg/CLKARDCLK
                         clock pessimism             -0.339     1.623    
    RAMB18_X0Y18         RAMB18E1 (Hold_ramb18e1_CLKARDCLK_ADDRARDADDR[10])
                                                      0.183     1.806    adc_ram_reg
  -------------------------------------------------------------------
                         required time                         -1.806    
                         arrival time                           1.947    
  -------------------------------------------------------------------
                         slack                                  0.142    

Slack (MET) :             0.143ns  (arrival time - required time)
  Source:                 ram_idx_reg[6]/C
                            (rising edge-triggered cell FDRE clocked by sys_clk_pin  {rise@0.000ns fall@5.000ns period=10.000ns})
  Destination:            adc_ram_reg/ADDRBWRADDR[10]
                            (rising edge-triggered cell RAMB18E1 clocked by sys_clk_pin  {rise@0.000ns fall@5.000ns period=10.000ns})
  Path Group:             sys_clk_pin
  Path Type:              Hold (Min at Fast Process Corner)
  Requirement:            0.000ns  (sys_clk_pin rise@0.000ns - sys_clk_pin rise@0.000ns)
  Data Path Delay:        0.384ns  (logic 0.141ns (36.704%)  route 0.243ns (63.296%))
  Logic Levels:           0  
  Clock Path Skew:        0.058ns (DCD - SCD - CPR)
    Destination Clock Delay (DCD):    1.961ns
    Source Clock Delay      (SCD):    1.563ns
    Clock Pessimism Removal (CPR):    0.339ns

    Location             Delay type                Incr(ns)  Path(ns)    Netlist Resource(s)
  -------------------------------------------------------------------    -------------------
                         (clock sys_clk_pin rise edge)
                                                      0.000     0.000 r  
    R2                                                0.000     0.000 r  CLK100MHZ (IN)
                         net (fo=0)                   0.000     0.000    CLK100MHZ
    R2                   IBUF (Prop_ibuf_I_O)         0.345     0.345 r  CLK100MHZ_IBUF_inst/O
                         net (fo=1, routed)           0.630     0.975    CLK100MHZ_IBUF
    BUFGCTRL_X0Y0        BUFG (Prop_bufg_I_O)         0.026     1.001 r  CLK100MHZ_IBUF_BUFG_inst/O
                         net (fo=184, routed)         0.563     1.563    CLK100MHZ_IBUF_BUFG
    SLICE_X9Y45          FDRE                                         r  ram_idx_reg[6]/C
  -------------------------------------------------------------------    -------------------
    SLICE_X9Y45          FDRE (Prop_fdre_C_Q)         0.141     1.704 r  ram_idx_reg[6]/Q
                         net (fo=7, routed)           0.243     1.947    ram_idx[6]
    RAMB18_X0Y18         RAMB18E1                                     r  adc_ram_reg/ADDRBWRADDR[10]
  -------------------------------------------------------------------    -------------------

                         (clock sys_clk_pin rise edge)
                                                      0.000     0.000 r  
    R2                                                0.000     0.000 r  CLK100MHZ (IN)
                         net (fo=0)                   0.000     0.000    CLK100MHZ
    R2                   IBUF (Prop_ibuf_I_O)         0.375     0.375 r  CLK100MHZ_IBUF_inst/O
                         net (fo=1, routed)           0.683     1.058    CLK100MHZ_IBUF
    BUFGCTRL_X0Y0        BUFG (Prop_bufg_I_O)         0.029     1.087 r  CLK100MHZ_IBUF_BUFG_inst/O
                         net (fo=184, routed)         0.874     1.961    CLK100MHZ_IBUF_BUFG
    RAMB18_X0Y18         RAMB18E1                                     r  adc_ram_reg/CLKBWRCLK
                         clock pessimism             -0.339     1.622    
    RAMB18_X0Y18         RAMB18E1 (Hold_ramb18e1_CLKBWRCLK_ADDRBWRADDR[10])
                                                      0.183     1.805    adc_ram_reg
  -------------------------------------------------------------------
                         required time                         -1.805    
                         arrival time                           1.947    
  -------------------------------------------------------------------
                         slack                                  0.143    

Slack (MET) :             0.156ns  (arrival time - required time)
  Source:                 pulse_counter_reg[5]/C
                            (rising edge-triggered cell FDRE clocked by sys_clk_pin  {rise@0.000ns fall@5.000ns period=10.000ns})
  Destination:            pulse_counter_reg[1]/D
                            (rising edge-triggered cell FDRE clocked by sys_clk_pin  {rise@0.000ns fall@5.000ns period=10.000ns})
  Path Group:             sys_clk_pin
  Path Type:              Hold (Min at Fast Process Corner)
  Requirement:            0.000ns  (sys_clk_pin rise@0.000ns - sys_clk_pin rise@0.000ns)
  Data Path Delay:        0.261ns  (logic 0.186ns (71.220%)  route 0.075ns (28.780%))
  Logic Levels:           1  (LUT6=1)
  Clock Path Skew:        0.013ns (DCD - SCD - CPR)
    Destination Clock Delay (DCD):    1.948ns
    Source Clock Delay      (SCD):    1.590ns
    Clock Pessimism Removal (CPR):    0.344ns

    Location             Delay type                Incr(ns)  Path(ns)    Netlist Resource(s)
  -------------------------------------------------------------------    -------------------
                         (clock sys_clk_pin rise edge)
                                                      0.000     0.000 r  
    R2                                                0.000     0.000 r  CLK100MHZ (IN)
                         net (fo=0)                   0.000     0.000    CLK100MHZ
    R2                   IBUF (Prop_ibuf_I_O)         0.345     0.345 r  CLK100MHZ_IBUF_inst/O
                         net (fo=1, routed)           0.630     0.975    CLK100MHZ_IBUF
    BUFGCTRL_X0Y0        BUFG (Prop_bufg_I_O)         0.026     1.001 r  CLK100MHZ_IBUF_BUFG_inst/O
                         net (fo=184, routed)         0.590     1.590    CLK100MHZ_IBUF_BUFG
    SLICE_X0Y50          FDRE                                         r  pulse_counter_reg[5]/C
  -------------------------------------------------------------------    -------------------
    SLICE_X0Y50          FDRE (Prop_fdre_C_Q)         0.141     1.731 f  pulse_counter_reg[5]/Q
                         net (fo=3, routed)           0.075     1.807    pulse_counter_reg__0[5]
    SLICE_X1Y50          LUT6 (Prop_lut6_I1_O)        0.045     1.852 r  pulse_counter[1]_i_1/O
                         net (fo=1, routed)           0.000     1.852    pulse_counter[1]_i_1_n_0
    SLICE_X1Y50          FDRE                                         r  pulse_counter_reg[1]/D
  -------------------------------------------------------------------    -------------------

                         (clock sys_clk_pin rise edge)
                                                      0.000     0.000 r  
    R2                                                0.000     0.000 r  CLK100MHZ (IN)
                         net (fo=0)                   0.000     0.000    CLK100MHZ
    R2                   IBUF (Prop_ibuf_I_O)         0.375     0.375 r  CLK100MHZ_IBUF_inst/O
                         net (fo=1, routed)           0.683     1.058    CLK100MHZ_IBUF
    BUFGCTRL_X0Y0        BUFG (Prop_bufg_I_O)         0.029     1.087 r  CLK100MHZ_IBUF_BUFG_inst/O
                         net (fo=184, routed)         0.860     1.948    CLK100MHZ_IBUF_BUFG
    SLICE_X1Y50          FDRE                                         r  pulse_counter_reg[1]/C
                         clock pessimism             -0.344     1.603    
    SLICE_X1Y50          FDRE (Hold_fdre_C_D)         0.092     1.695    pulse_counter_reg[1]
  -------------------------------------------------------------------
                         required time                         -1.695    
                         arrival time                           1.852    
  -------------------------------------------------------------------
                         slack                                  0.156    

Slack (MET) :             0.157ns  (arrival time - required time)
  Source:                 ram_idx_reg[1]/C
                            (rising edge-triggered cell FDRE clocked by sys_clk_pin  {rise@0.000ns fall@5.000ns period=10.000ns})
  Destination:            adc_ram_reg/ADDRBWRADDR[5]
                            (rising edge-triggered cell RAMB18E1 clocked by sys_clk_pin  {rise@0.000ns fall@5.000ns period=10.000ns})
  Path Group:             sys_clk_pin
  Path Type:              Hold (Min at Fast Process Corner)
  Requirement:            0.000ns  (sys_clk_pin rise@0.000ns - sys_clk_pin rise@0.000ns)
  Data Path Delay:        0.398ns  (logic 0.164ns (41.180%)  route 0.234ns (58.820%))
  Logic Levels:           0  
  Clock Path Skew:        0.058ns (DCD - SCD - CPR)
    Destination Clock Delay (DCD):    1.961ns
    Source Clock Delay      (SCD):    1.563ns
    Clock Pessimism Removal (CPR):    0.339ns

    Location             Delay type                Incr(ns)  Path(ns)    Netlist Resource(s)
  -------------------------------------------------------------------    -------------------
                         (clock sys_clk_pin rise edge)
                                                      0.000     0.000 r  
    R2                                                0.000     0.000 r  CLK100MHZ (IN)
                         net (fo=0)                   0.000     0.000    CLK100MHZ
    R2                   IBUF (Prop_ibuf_I_O)         0.345     0.345 r  CLK100MHZ_IBUF_inst/O
                         net (fo=1, routed)           0.630     0.975    CLK100MHZ_IBUF
    BUFGCTRL_X0Y0        BUFG (Prop_bufg_I_O)         0.026     1.001 r  CLK100MHZ_IBUF_BUFG_inst/O
                         net (fo=184, routed)         0.563     1.563    CLK100MHZ_IBUF_BUFG
    SLICE_X8Y46          FDRE                                         r  ram_idx_reg[1]/C
  -------------------------------------------------------------------    -------------------
    SLICE_X8Y46          FDRE (Prop_fdre_C_Q)         0.164     1.727 r  ram_idx_reg[1]/Q
                         net (fo=8, routed)           0.234     1.962    ram_idx[1]
    RAMB18_X0Y18         RAMB18E1                                     r  adc_ram_reg/ADDRBWRADDR[5]
  -------------------------------------------------------------------    -------------------

                         (clock sys_clk_pin rise edge)
                                                      0.000     0.000 r  
    R2                                                0.000     0.000 r  CLK100MHZ (IN)
                         net (fo=0)                   0.000     0.000    CLK100MHZ
    R2                   IBUF (Prop_ibuf_I_O)         0.375     0.375 r  CLK100MHZ_IBUF_inst/O
                         net (fo=1, routed)           0.683     1.058    CLK100MHZ_IBUF
    BUFGCTRL_X0Y0        BUFG (Prop_bufg_I_O)         0.029     1.087 r  CLK100MHZ_IBUF_BUFG_inst/O
                         net (fo=184, routed)         0.874     1.961    CLK100MHZ_IBUF_BUFG
    RAMB18_X0Y18         RAMB18E1                                     r  adc_ram_reg/CLKBWRCLK
                         clock pessimism             -0.339     1.622    
    RAMB18_X0Y18         RAMB18E1 (Hold_ramb18e1_CLKBWRCLK_ADDRBWRADDR[5])
                                                      0.183     1.805    adc_ram_reg
  -------------------------------------------------------------------
                         required time                         -1.805    
                         arrival time                           1.962    
  -------------------------------------------------------------------
                         slack                                  0.157    

Slack (MET) :             0.157ns  (arrival time - required time)
  Source:                 ram_idx_reg[1]/C
                            (rising edge-triggered cell FDRE clocked by sys_clk_pin  {rise@0.000ns fall@5.000ns period=10.000ns})
  Destination:            adc_ram_reg/ADDRARDADDR[5]
                            (rising edge-triggered cell RAMB18E1 clocked by sys_clk_pin  {rise@0.000ns fall@5.000ns period=10.000ns})
  Path Group:             sys_clk_pin
  Path Type:              Hold (Min at Fast Process Corner)
  Requirement:            0.000ns  (sys_clk_pin rise@0.000ns - sys_clk_pin rise@0.000ns)
  Data Path Delay:        0.400ns  (logic 0.164ns (41.019%)  route 0.236ns (58.981%))
  Logic Levels:           0  
  Clock Path Skew:        0.059ns (DCD - SCD - CPR)
    Destination Clock Delay (DCD):    1.962ns
    Source Clock Delay      (SCD):    1.563ns
    Clock Pessimism Removal (CPR):    0.339ns

    Location             Delay type                Incr(ns)  Path(ns)    Netlist Resource(s)
  -------------------------------------------------------------------    -------------------
                         (clock sys_clk_pin rise edge)
                                                      0.000     0.000 r  
    R2                                                0.000     0.000 r  CLK100MHZ (IN)
                         net (fo=0)                   0.000     0.000    CLK100MHZ
    R2                   IBUF (Prop_ibuf_I_O)         0.345     0.345 r  CLK100MHZ_IBUF_inst/O
                         net (fo=1, routed)           0.630     0.975    CLK100MHZ_IBUF
    BUFGCTRL_X0Y0        BUFG (Prop_bufg_I_O)         0.026     1.001 r  CLK100MHZ_IBUF_BUFG_inst/O
                         net (fo=184, routed)         0.563     1.563    CLK100MHZ_IBUF_BUFG
    SLICE_X8Y46          FDRE                                         r  ram_idx_reg[1]/C
  -------------------------------------------------------------------    -------------------
    SLICE_X8Y46          FDRE (Prop_fdre_C_Q)         0.164     1.727 r  ram_idx_reg[1]/Q
                         net (fo=8, routed)           0.236     1.963    ram_idx[1]
    RAMB18_X0Y18         RAMB18E1                                     r  adc_ram_reg/ADDRARDADDR[5]
  -------------------------------------------------------------------    -------------------

                         (clock sys_clk_pin rise edge)
                                                      0.000     0.000 r  
    R2                                                0.000     0.000 r  CLK100MHZ (IN)
                         net (fo=0)                   0.000     0.000    CLK100MHZ
    R2                   IBUF (Prop_ibuf_I_O)         0.375     0.375 r  CLK100MHZ_IBUF_inst/O
                         net (fo=1, routed)           0.683     1.058    CLK100MHZ_IBUF
    BUFGCTRL_X0Y0        BUFG (Prop_bufg_I_O)         0.029     1.087 r  CLK100MHZ_IBUF_BUFG_inst/O
                         net (fo=184, routed)         0.875     1.962    CLK100MHZ_IBUF_BUFG
    RAMB18_X0Y18         RAMB18E1                                     r  adc_ram_reg/CLKARDCLK
                         clock pessimism             -0.339     1.623    
    RAMB18_X0Y18         RAMB18E1 (Hold_ramb18e1_CLKARDCLK_ADDRARDADDR[5])
                                                      0.183     1.806    adc_ram_reg
  -------------------------------------------------------------------
                         required time                         -1.806    
                         arrival time                           1.963    
  -------------------------------------------------------------------
                         slack                                  0.157    





Pulse Width Checks
--------------------------------------------------------------------------------------
Clock Name:         sys_clk_pin
Waveform(ns):       { 0.000 5.000 }
Period(ns):         10.000
Sources:            { CLK100MHZ }

Check Type        Corner  Lib Pin             Reference Pin  Required(ns)  Actual(ns)  Slack(ns)  Location       Pin
Min Period        n/a     RAMB18E1/CLKARDCLK  n/a            2.944         10.000      7.056      RAMB18_X0Y18   adc_ram_reg/CLKARDCLK
Min Period        n/a     RAMB18E1/CLKBWRCLK  n/a            2.576         10.000      7.424      RAMB18_X0Y18   adc_ram_reg/CLKBWRCLK
Min Period        n/a     BUFG/I              n/a            2.155         10.000      7.845      BUFGCTRL_X0Y0  CLK100MHZ_IBUF_BUFG_inst/I
Min Period        n/a     FDRE/C              n/a            1.000         10.000      9.000      SLICE_X3Y34    FSM_onehot_spi_state_reg[0]/C
Min Period        n/a     FDRE/C              n/a            1.000         10.000      9.000      SLICE_X3Y34    FSM_onehot_spi_state_reg[1]/C
Min Period        n/a     FDRE/C              n/a            1.000         10.000      9.000      SLICE_X3Y34    FSM_onehot_spi_state_reg[2]/C
Min Period        n/a     FDRE/C              n/a            1.000         10.000      9.000      SLICE_X0Y44    adc_clk_cnt_reg[0]/C
Min Period        n/a     FDRE/C              n/a            1.000         10.000      9.000      SLICE_X0Y44    adc_clk_cnt_reg[1]/C
Min Period        n/a     FDRE/C              n/a            1.000         10.000      9.000      SLICE_X3Y35    cs_r_reg/C
Min Period        n/a     FDRE/C              n/a            1.000         10.000      9.000      SLICE_X3Y49    cycle_counter_reg[18]/C
Low Pulse Width   Fast    FDRE/C              n/a            0.500         5.000       4.500      SLICE_X0Y44    adc_clk_cnt_reg[0]/C
Low Pulse Width   Fast    FDRE/C              n/a            0.500         5.000       4.500      SLICE_X0Y44    adc_clk_cnt_reg[1]/C
Low Pulse Width   Fast    FDRE/C              n/a            0.500         5.000       4.500      SLICE_X3Y49    cycle_counter_reg[18]/C
Low Pulse Width   Fast    FDRE/C              n/a            0.500         5.000       4.500      SLICE_X3Y48    cycle_counter_reg[19]/C
Low Pulse Width   Fast    FDRE/C              n/a            0.500         5.000       4.500      SLICE_X3Y46    cycle_counter_reg[1]/C
Low Pulse Width   Fast    FDRE/C              n/a            0.500         5.000       4.500      SLICE_X3Y46    cycle_counter_reg[2]/C
Low Pulse Width   Fast    FDRE/C              n/a            0.500         5.000       4.500      SLICE_X3Y46    cycle_counter_reg[3]/C
Low Pulse Width   Fast    FDRE/C              n/a            0.500         5.000       4.500      SLICE_X1Y47    cycle_counter_reg[4]/C
Low Pulse Width   Fast    FDRE/C              n/a            0.500         5.000       4.500      SLICE_X3Y47    cycle_counter_reg[5]/C
Low Pulse Width   Fast    FDRE/C              n/a            0.500         5.000       4.500      SLICE_X3Y46    cycle_counter_reg[6]/C
High Pulse Width  Slow    FDRE/C              n/a            0.500         5.000       4.500      SLICE_X4Y31    spi_clk_cnt_reg[1]/C
High Pulse Width  Slow    FDRE/C              n/a            0.500         5.000       4.500      SLICE_X4Y31    spi_clk_cnt_reg[3]/C
High Pulse Width  Slow    FDRE/C              n/a            0.500         5.000       4.500      SLICE_X4Y31    spi_clk_cnt_reg[4]/C
High Pulse Width  Slow    FDRE/C              n/a            0.500         5.000       4.500      SLICE_X4Y42    uart_shift_reg_reg[0]/C
High Pulse Width  Slow    FDRE/C              n/a            0.500         5.000       4.500      SLICE_X4Y42    uart_shift_reg_reg[10]/C
High Pulse Width  Slow    FDRE/C              n/a            0.500         5.000       4.500      SLICE_X5Y42    uart_shift_reg_reg[1]/C
High Pulse Width  Slow    FDRE/C              n/a            0.500         5.000       4.500      SLICE_X5Y42    uart_shift_reg_reg[2]/C
High Pulse Width  Slow    FDRE/C              n/a            0.500         5.000       4.500      SLICE_X2Y41    baud_cnt_reg[0]/C
High Pulse Width  Slow    FDRE/C              n/a            0.500         5.000       4.500      SLICE_X2Y41    baud_cnt_reg[1]/C
High Pulse Width  Slow    FDRE/C              n/a            0.500         5.000       4.500      SLICE_X3Y41    baud_cnt_reg[2]/C



